// Jest Snapshot v1, https://jestjs.io/docs/snapshot-testing

exports[`CheckoutProvider Component Snapshot Testing should maintain consistent output with complex structure 1`] = `"<section><h1>Title</h1><p>Description</p><button>Action</button></section>"`;

exports[`CheckoutProvider Component Snapshot Testing should maintain consistent output with multiple children 1`] = `"<div>First</div><div>Second</div>"`;

exports[`CheckoutProvider Component Snapshot Testing should maintain consistent output with simple children 1`] = `"<div>Content</div>"`;
